// Jest Snapshot v1, https://goo.gl/fbAQLP

exports[`Multiple Items should have 3 active slides 1`] = `"[object Undefined]"`;

exports[`Multiple Items should have 3 dots 1`] = `"[object Undefined]"`;

exports[`Multiple Items should have 9 actual slides and (3(pre) + 9(post)) clone slides 1`] = `"[object Undefined]"`;

exports[`Multiple Items should show first 3 slides 1`] = `"[object Undefined]"`;

exports[`Multiple Items should show last 3 slides when last dot is clicked 1`] = `"[object Undefined]"`;

exports[`Multiple Items should show last 3 slides when previous button is clicked 1`] = `"[object Undefined]"`;

exports[`Multiple Items should show slides first 3 slides when first dot is clicked 1`] = `"[object Undefined]"`;

exports[`Multiple Items should show slides from 4 to 6 when middle dot is clicked 1`] = `"[object Undefined]"`;

exports[`Multiple Items should show slides from 4 to 6 when next button is clicked 1`] = `"[object Undefined]"`;
